........................................................................ [ 49%]
........................................................................ [ 98%]
..                                                                       [100%]
146 passed in 3.43s
